2026-10-03T06:34:12.919714Z  INFO clef_rs_core::models::weights: All reviewed Flash weight tensors loaded
2026-10-03T06:34:13.411923Z  INFO benchmark: benchmark workload started case="short-139" tokens=139
2026-10-03T06:34:13.897837Z  INFO benchmark: normal inference measured case="short-139" sample=1 milliseconds=160.973166
2026-10-03T06:34:14.058570Z  INFO benchmark: normal inference measured case="short-139" sample=2 milliseconds=160.69870799999998
2026-10-03T06:34:14.220056Z  INFO benchmark: normal inference measured case="short-139" sample=3 milliseconds=161.46087500000002
2026-10-03T06:34:14.381605Z  INFO benchmark: normal inference measured case="short-139" sample=4 milliseconds=161.522875
2026-10-03T06:34:14.544376Z  INFO benchmark: normal inference measured case="short-139" sample=5 milliseconds=162.744958
2026-10-03T06:34:14.708881Z  INFO benchmark: normal inference measured case="short-139" sample=6 milliseconds=164.479959
2026-10-03T06:34:14.871532Z  INFO benchmark: normal inference measured case="short-139" sample=7 milliseconds=162.62354200000001
2026-10-03T06:34:15.033593Z  INFO benchmark: normal inference measured case="short-139" sample=8 milliseconds=162.03270799999999
2026-10-03T06:34:15.195685Z  INFO benchmark: normal inference measured case="short-139" sample=9 milliseconds=162.064916
2026-10-03T06:34:15.358465Z  INFO benchmark: normal inference measured case="short-139" sample=10 milliseconds=162.753542
2026-10-03T06:34:15.520945Z  INFO benchmark: normal inference measured case="short-139" sample=11 milliseconds=162.45991600000002
2026-10-03T06:34:15.683503Z  INFO benchmark: normal inference measured case="short-139" sample=12 milliseconds=162.533625
2026-10-03T06:34:15.846097Z  INFO benchmark: normal inference measured case="short-139" sample=13 milliseconds=162.57020799999998
2026-10-03T06:34:16.007893Z  INFO benchmark: normal inference measured case="short-139" sample=14 milliseconds=161.77783300000002
2026-10-03T06:34:16.170864Z  INFO benchmark: normal inference measured case="short-139" sample=15 milliseconds=162.94608399999998
2026-10-03T06:34:16.333051Z  INFO benchmark: normal inference measured case="short-139" sample=16 milliseconds=162.16225
2026-10-03T06:34:16.496054Z  INFO benchmark: normal inference measured case="short-139" sample=17 milliseconds=162.978167
2026-10-03T06:34:16.658670Z  INFO benchmark: normal inference measured case="short-139" sample=18 milliseconds=162.5975
2026-10-03T06:34:16.820573Z  INFO benchmark: normal inference measured case="short-139" sample=19 milliseconds=161.880917
2026-10-03T06:34:16.982583Z  INFO benchmark: normal inference measured case="short-139" sample=20 milliseconds=161.98679099999998
2026-10-03T06:34:17.147198Z  INFO benchmark: benchmark workload started case="long-1024" tokens=1024
2026-10-03T06:34:19.619048Z  INFO benchmark: normal inference measured case="long-1024" sample=1 milliseconds=823.6035
2026-10-03T06:34:20.443477Z  INFO benchmark: normal inference measured case="long-1024" sample=2 milliseconds=824.388708
2026-10-03T06:34:21.267186Z  INFO benchmark: normal inference measured case="long-1024" sample=3 milliseconds=823.6721249999999
2026-10-03T06:34:22.092943Z  INFO benchmark: normal inference measured case="long-1024" sample=4 milliseconds=825.7177919999999
2026-10-03T06:34:22.916959Z  INFO benchmark: normal inference measured case="long-1024" sample=5 milliseconds=823.975291
2026-10-03T06:34:23.742862Z  INFO benchmark: normal inference measured case="long-1024" sample=6 milliseconds=825.85875
2026-10-03T06:34:24.568828Z  INFO benchmark: normal inference measured case="long-1024" sample=7 milliseconds=825.920792
2026-10-03T06:34:25.394087Z  INFO benchmark: normal inference measured case="long-1024" sample=8 milliseconds=825.220333
2026-10-03T06:34:26.219129Z  INFO benchmark: normal inference measured case="long-1024" sample=9 milliseconds=825.001083
2026-10-03T06:34:27.043832Z  INFO benchmark: normal inference measured case="long-1024" sample=10 milliseconds=824.65625
2026-10-03T06:34:27.867713Z  INFO benchmark: normal inference measured case="long-1024" sample=11 milliseconds=823.840334
2026-10-03T06:34:28.692080Z  INFO benchmark: normal inference measured case="long-1024" sample=12 milliseconds=824.315791
2026-10-03T06:34:29.516090Z  INFO benchmark: normal inference measured case="long-1024" sample=13 milliseconds=823.969125
2026-10-03T06:34:30.339998Z  INFO benchmark: normal inference measured case="long-1024" sample=14 milliseconds=823.870125
2026-10-03T06:34:31.162117Z  INFO benchmark: normal inference measured case="long-1024" sample=15 milliseconds=822.086583
2026-10-03T06:34:31.986856Z  INFO benchmark: normal inference measured case="long-1024" sample=16 milliseconds=824.707584
2026-10-03T06:34:32.811153Z  INFO benchmark: normal inference measured case="long-1024" sample=17 milliseconds=824.263333
2026-10-03T06:34:33.657778Z  INFO benchmark: normal inference measured case="long-1024" sample=18 milliseconds=846.593208
2026-10-03T06:34:34.482579Z  INFO benchmark: normal inference measured case="long-1024" sample=19 milliseconds=824.761166
2026-10-03T06:34:35.309229Z  INFO benchmark: normal inference measured case="long-1024" sample=20 milliseconds=826.620083
2026-10-03T06:34:36.137850Z  INFO benchmark: benchmark workload started case="max-4096" tokens=4096
2026-10-03T06:34:47.300412Z  INFO benchmark: normal inference measured case="max-4096" sample=1 milliseconds=3718.431667
2026-10-03T06:34:51.031733Z  INFO benchmark: normal inference measured case="max-4096" sample=2 milliseconds=3731.230708
2026-10-03T06:34:54.747025Z  INFO benchmark: normal inference measured case="max-4096" sample=3 milliseconds=3715.192792
2026-10-03T06:34:58.482789Z  INFO benchmark: normal inference measured case="max-4096" sample=4 milliseconds=3735.6783330000003
2026-10-03T06:35:02.197333Z  INFO benchmark: normal inference measured case="max-4096" sample=5 milliseconds=3714.451083
2026-10-03T06:35:05.928330Z  INFO benchmark: normal inference measured case="max-4096" sample=6 milliseconds=3730.910542
2026-10-03T06:35:09.646544Z  INFO benchmark: normal inference measured case="max-4096" sample=7 milliseconds=3718.119834
2026-10-03T06:35:13.374626Z  INFO benchmark: normal inference measured case="max-4096" sample=8 milliseconds=3727.9845
2026-10-03T06:35:17.099381Z  INFO benchmark: normal inference measured case="max-4096" sample=9 milliseconds=3724.657459
2026-10-03T06:35:20.816764Z  INFO benchmark: normal inference measured case="max-4096" sample=10 milliseconds=3717.295167
2026-10-03T06:35:24.538530Z  INFO benchmark: normal inference measured case="max-4096" sample=11 milliseconds=3721.679833
2026-10-03T06:35:28.255613Z  INFO benchmark: normal inference measured case="max-4096" sample=12 milliseconds=3716.992709
2026-10-03T06:35:31.975288Z  INFO benchmark: normal inference measured case="max-4096" sample=13 milliseconds=3719.585125
2026-10-03T06:35:35.700084Z  INFO benchmark: normal inference measured case="max-4096" sample=14 milliseconds=3724.709125
2026-10-03T06:35:39.427345Z  INFO benchmark: normal inference measured case="max-4096" sample=15 milliseconds=3727.177333
2026-10-03T06:35:43.140489Z  INFO benchmark: normal inference measured case="max-4096" sample=16 milliseconds=3713.0577909999997
2026-10-03T06:35:46.873403Z  INFO benchmark: normal inference measured case="max-4096" sample=17 milliseconds=3732.81925
2026-10-03T06:35:50.609929Z  INFO benchmark: normal inference measured case="max-4096" sample=18 milliseconds=3736.429875
2026-10-03T06:35:54.351326Z  INFO benchmark: normal inference measured case="max-4096" sample=19 milliseconds=3741.310625
2026-10-03T06:35:58.070703Z  INFO benchmark: normal inference measured case="max-4096" sample=20 milliseconds=3719.294625
2026-10-03T06:36:20.026730Z  INFO clef_rs_core::models::weights: All reviewed Flash weight tensors loaded
2026-10-03T06:36:20.352190Z  INFO start: clef_rs_core::runtime: Flash worker loaded and warmed; admission open
